 
****************************************
Report : constraint
        -all_violators
Design : top
Version: S-2021.06
Date   : Sun May  1 15:18:21 2022
****************************************


   max_transition

                             Required        Actual
   Net                      Transition     Transition        Slack
   -----------------------------------------------------------------
   node2/n60 (dont_touch)       0.10           0.19          -0.09  (VIOLATED)
       PIN :   node2/mul3_reg[14]/E
                                0.10           0.19          -0.09  (VIOLATED)
       PIN :   node2/mul4_reg[14]/E
                                0.10           0.19          -0.09  (VIOLATED)
       PIN :   node2/mul3_reg[1]/E
                                0.10           0.19          -0.09  (VIOLATED)
       PIN :   node2/mul4_reg[1]/E
                                0.10           0.19          -0.09  (VIOLATED)
       PIN :   node2/mul3_reg[0]/E
                                0.10           0.19          -0.09  (VIOLATED)
       PIN :   node2/mul4_reg[0]/E
                                0.10           0.19          -0.09  (VIOLATED)
       PIN :   node2/mul3_reg[2]/E
                                0.10           0.19          -0.09  (VIOLATED)
       PIN :   node2/mul4_reg[2]/E
                                0.10           0.19          -0.09  (VIOLATED)
       PIN :   node2/mul3_reg[3]/E
                                0.10           0.19          -0.09  (VIOLATED)
       PIN :   node2/mul4_reg[3]/E
                                0.10           0.19          -0.09  (VIOLATED)
       PIN :   node2/mul3_reg[4]/E
                                0.10           0.19          -0.09  (VIOLATED)
       PIN :   node2/mul4_reg[4]/E
                                0.10           0.19          -0.09  (VIOLATED)
       PIN :   node2/mul3_reg[5]/E
                                0.10           0.19          -0.09  (VIOLATED)
       PIN :   node2/mul4_reg[5]/E
                                0.10           0.19          -0.09  (VIOLATED)
       PIN :   node2/mul3_reg[6]/E
                                0.10           0.19          -0.09  (VIOLATED)
       PIN :   node2/mul4_reg[6]/E
                                0.10           0.19          -0.09  (VIOLATED)
       PIN :   node2/mul3_reg[7]/E
                                0.10           0.19          -0.09  (VIOLATED)
       PIN :   node2/mul4_reg[7]/E
                                0.10           0.19          -0.09  (VIOLATED)
       PIN :   node2/mul3_reg[8]/E
                                0.10           0.19          -0.09  (VIOLATED)
       PIN :   node2/mul4_reg[8]/E
                                0.10           0.19          -0.09  (VIOLATED)
       PIN :   node2/mul3_reg[9]/E
                                0.10           0.19          -0.09  (VIOLATED)
       PIN :   node2/mul4_reg[9]/E
                                0.10           0.19          -0.09  (VIOLATED)
       PIN :   node2/mul3_reg[10]/E
                                0.10           0.19          -0.09  (VIOLATED)
       PIN :   node2/mul4_reg[10]/E
                                0.10           0.19          -0.09  (VIOLATED)
       PIN :   node2/mul3_reg[11]/E
                                0.10           0.19          -0.09  (VIOLATED)
       PIN :   node2/mul4_reg[11]/E
                                0.10           0.19          -0.09  (VIOLATED)
       PIN :   node2/mul3_reg[12]/E
                                0.10           0.19          -0.09  (VIOLATED)
       PIN :   node2/mul4_reg[12]/E
                                0.10           0.19          -0.09  (VIOLATED)
       PIN :   node2/mul3_reg[13]/E
                                0.10           0.19          -0.09  (VIOLATED)
       PIN :   node2/mul4_reg[13]/E
                                0.10           0.19          -0.09  (VIOLATED)
       PIN :   node2/U63/ZN     0.10           0.19          -0.09  (VIOLATED)
   node0/n121 (dont_touch)      0.10           0.19          -0.09  (VIOLATED)
       PIN :   node0/mul4_reg[1]/E
                                0.10           0.19          -0.09  (VIOLATED)
       PIN :   node0/mul4_reg[0]/E
                                0.10           0.19          -0.09  (VIOLATED)
       PIN :   node0/mul3_reg[14]/E
                                0.10           0.19          -0.09  (VIOLATED)
       PIN :   node0/mul4_reg[14]/E
                                0.10           0.19          -0.09  (VIOLATED)
       PIN :   node0/mul3_reg[1]/E
                                0.10           0.19          -0.09  (VIOLATED)
       PIN :   node0/mul3_reg[0]/E
                                0.10           0.19          -0.09  (VIOLATED)
       PIN :   node0/mul3_reg[2]/E
                                0.10           0.19          -0.09  (VIOLATED)
       PIN :   node0/mul4_reg[2]/E
                                0.10           0.19          -0.09  (VIOLATED)
       PIN :   node0/mul3_reg[3]/E
                                0.10           0.19          -0.09  (VIOLATED)
       PIN :   node0/mul4_reg[3]/E
                                0.10           0.19          -0.09  (VIOLATED)
       PIN :   node0/mul3_reg[4]/E
                                0.10           0.19          -0.09  (VIOLATED)
       PIN :   node0/mul4_reg[4]/E
                                0.10           0.19          -0.09  (VIOLATED)
       PIN :   node0/mul3_reg[5]/E
                                0.10           0.19          -0.09  (VIOLATED)
       PIN :   node0/mul4_reg[5]/E
                                0.10           0.19          -0.09  (VIOLATED)
       PIN :   node0/mul3_reg[6]/E
                                0.10           0.19          -0.09  (VIOLATED)
       PIN :   node0/mul4_reg[6]/E
                                0.10           0.19          -0.09  (VIOLATED)
       PIN :   node0/mul3_reg[7]/E
                                0.10           0.19          -0.09  (VIOLATED)
       PIN :   node0/mul4_reg[7]/E
                                0.10           0.19          -0.09  (VIOLATED)
       PIN :   node0/mul3_reg[8]/E
                                0.10           0.19          -0.09  (VIOLATED)
       PIN :   node0/mul4_reg[8]/E
                                0.10           0.19          -0.09  (VIOLATED)
       PIN :   node0/mul3_reg[9]/E
                                0.10           0.19          -0.09  (VIOLATED)
       PIN :   node0/mul4_reg[9]/E
                                0.10           0.19          -0.09  (VIOLATED)
       PIN :   node0/mul3_reg[10]/E
                                0.10           0.19          -0.09  (VIOLATED)
       PIN :   node0/mul4_reg[10]/E
                                0.10           0.19          -0.09  (VIOLATED)
       PIN :   node0/mul3_reg[11]/E
                                0.10           0.19          -0.09  (VIOLATED)
       PIN :   node0/mul4_reg[11]/E
                                0.10           0.19          -0.09  (VIOLATED)
       PIN :   node0/mul3_reg[12]/E
                                0.10           0.19          -0.09  (VIOLATED)
       PIN :   node0/mul4_reg[12]/E
                                0.10           0.19          -0.09  (VIOLATED)
       PIN :   node0/mul3_reg[13]/E
                                0.10           0.19          -0.09  (VIOLATED)
       PIN :   node0/mul4_reg[13]/E
                                0.10           0.19          -0.09  (VIOLATED)
       PIN :   node0/U63/ZN     0.10           0.19          -0.09  (VIOLATED)
   node3/n60 (dont_touch)       0.10           0.19          -0.09  (VIOLATED)
       PIN :   node3/mul3_reg[0]/E
                                0.10           0.19          -0.09  (VIOLATED)
       PIN :   node3/mul4_reg[14]/E
                                0.10           0.19          -0.09  (VIOLATED)
       PIN :   node3/mul3_reg[14]/E
                                0.10           0.19          -0.09  (VIOLATED)
       PIN :   node3/mul3_reg[1]/E
                                0.10           0.19          -0.09  (VIOLATED)
       PIN :   node3/mul4_reg[1]/E
                                0.10           0.19          -0.09  (VIOLATED)
       PIN :   node3/mul4_reg[0]/E
                                0.10           0.19          -0.09  (VIOLATED)
       PIN :   node3/mul3_reg[2]/E
                                0.10           0.19          -0.09  (VIOLATED)
       PIN :   node3/mul4_reg[2]/E
                                0.10           0.19          -0.09  (VIOLATED)
       PIN :   node3/mul3_reg[3]/E
                                0.10           0.19          -0.09  (VIOLATED)
       PIN :   node3/mul4_reg[3]/E
                                0.10           0.19          -0.09  (VIOLATED)
       PIN :   node3/mul3_reg[4]/E
                                0.10           0.19          -0.09  (VIOLATED)
       PIN :   node3/mul4_reg[4]/E
                                0.10           0.19          -0.09  (VIOLATED)
       PIN :   node3/mul3_reg[5]/E
                                0.10           0.19          -0.09  (VIOLATED)
       PIN :   node3/mul4_reg[5]/E
                                0.10           0.19          -0.09  (VIOLATED)
       PIN :   node3/mul3_reg[6]/E
                                0.10           0.19          -0.09  (VIOLATED)
       PIN :   node3/mul4_reg[6]/E
                                0.10           0.19          -0.09  (VIOLATED)
       PIN :   node3/mul3_reg[7]/E
                                0.10           0.19          -0.09  (VIOLATED)
       PIN :   node3/mul4_reg[7]/E
                                0.10           0.19          -0.09  (VIOLATED)
       PIN :   node3/mul3_reg[8]/E
                                0.10           0.19          -0.09  (VIOLATED)
       PIN :   node3/mul4_reg[8]/E
                                0.10           0.19          -0.09  (VIOLATED)
       PIN :   node3/mul3_reg[9]/E
                                0.10           0.19          -0.09  (VIOLATED)
       PIN :   node3/mul4_reg[9]/E
                                0.10           0.19          -0.09  (VIOLATED)
       PIN :   node3/mul3_reg[10]/E
                                0.10           0.19          -0.09  (VIOLATED)
       PIN :   node3/mul4_reg[10]/E
                                0.10           0.19          -0.09  (VIOLATED)
       PIN :   node3/mul3_reg[11]/E
                                0.10           0.19          -0.09  (VIOLATED)
       PIN :   node3/mul4_reg[11]/E
                                0.10           0.19          -0.09  (VIOLATED)
       PIN :   node3/mul3_reg[12]/E
                                0.10           0.19          -0.09  (VIOLATED)
       PIN :   node3/mul4_reg[12]/E
                                0.10           0.19          -0.09  (VIOLATED)
       PIN :   node3/mul3_reg[13]/E
                                0.10           0.19          -0.09  (VIOLATED)
       PIN :   node3/mul4_reg[13]/E
                                0.10           0.19          -0.09  (VIOLATED)
       PIN :   node3/U63/ZN     0.10           0.19          -0.09  (VIOLATED)
   node1/n60 (dont_touch)       0.10           0.19          -0.09  (VIOLATED)
       PIN :   node1/mul4_reg[0]/E
                                0.10           0.19          -0.09  (VIOLATED)
       PIN :   node1/mul3_reg[14]/E
                                0.10           0.19          -0.09  (VIOLATED)
       PIN :   node1/mul4_reg[14]/E
                                0.10           0.19          -0.09  (VIOLATED)
       PIN :   node1/mul3_reg[1]/E
                                0.10           0.19          -0.09  (VIOLATED)
       PIN :   node1/mul4_reg[1]/E
                                0.10           0.19          -0.09  (VIOLATED)
       PIN :   node1/mul3_reg[0]/E
                                0.10           0.19          -0.09  (VIOLATED)
       PIN :   node1/mul3_reg[2]/E
                                0.10           0.19          -0.09  (VIOLATED)
       PIN :   node1/mul4_reg[2]/E
                                0.10           0.19          -0.09  (VIOLATED)
       PIN :   node1/mul3_reg[3]/E
                                0.10           0.19          -0.09  (VIOLATED)
       PIN :   node1/mul4_reg[3]/E
                                0.10           0.19          -0.09  (VIOLATED)
       PIN :   node1/mul3_reg[4]/E
                                0.10           0.19          -0.09  (VIOLATED)
       PIN :   node1/mul4_reg[4]/E
                                0.10           0.19          -0.09  (VIOLATED)
       PIN :   node1/mul3_reg[5]/E
                                0.10           0.19          -0.09  (VIOLATED)
       PIN :   node1/mul4_reg[5]/E
                                0.10           0.19          -0.09  (VIOLATED)
       PIN :   node1/mul3_reg[6]/E
                                0.10           0.19          -0.09  (VIOLATED)
       PIN :   node1/mul4_reg[6]/E
                                0.10           0.19          -0.09  (VIOLATED)
       PIN :   node1/mul3_reg[7]/E
                                0.10           0.19          -0.09  (VIOLATED)
       PIN :   node1/mul4_reg[7]/E
                                0.10           0.19          -0.09  (VIOLATED)
       PIN :   node1/mul3_reg[8]/E
                                0.10           0.19          -0.09  (VIOLATED)
       PIN :   node1/mul4_reg[8]/E
                                0.10           0.19          -0.09  (VIOLATED)
       PIN :   node1/mul3_reg[9]/E
                                0.10           0.19          -0.09  (VIOLATED)
       PIN :   node1/mul4_reg[9]/E
                                0.10           0.19          -0.09  (VIOLATED)
       PIN :   node1/mul3_reg[10]/E
                                0.10           0.19          -0.09  (VIOLATED)
       PIN :   node1/mul4_reg[10]/E
                                0.10           0.19          -0.09  (VIOLATED)
       PIN :   node1/mul3_reg[11]/E
                                0.10           0.19          -0.09  (VIOLATED)
       PIN :   node1/mul4_reg[11]/E
                                0.10           0.19          -0.09  (VIOLATED)
       PIN :   node1/mul3_reg[12]/E
                                0.10           0.19          -0.09  (VIOLATED)
       PIN :   node1/mul4_reg[12]/E
                                0.10           0.19          -0.09  (VIOLATED)
       PIN :   node1/mul3_reg[13]/E
                                0.10           0.19          -0.09  (VIOLATED)
       PIN :   node1/mul4_reg[13]/E
                                0.10           0.19          -0.09  (VIOLATED)
       PIN :   node1/U63/ZN     0.10           0.19          -0.09  (VIOLATED)

   -----------------------------------------------------------------
   Total                      4                  -0.38  

1
