 
****************************************
Report : constraint
        -all_violators
Design : top
Version: S-2021.06
Date   : Mon May  2 16:30:34 2022
****************************************


   min_delay/hold ('clk' group)

                             Required        Actual
   Endpoint                 Path Delay     Path Delay        Slack
   -----------------------------------------------------------------
   y4_node0_p4_reg[2]/D         0.16           0.16 f         0.00  (VIOLATED: increase significant digits)
   y4_node0_p4_reg[3]/D         0.16           0.16 f         0.00  (VIOLATED: increase significant digits)
   y4_node0_p4_reg[4]/D         0.16           0.16 f         0.00  (VIOLATED: increase significant digits)
   y4_node0_p4_reg[5]/D         0.16           0.16 f         0.00  (VIOLATED: increase significant digits)
   y4_node0_p4_reg[6]/D         0.16           0.16 f         0.00  (VIOLATED: increase significant digits)
   y4_node0_p4_reg[7]/D         0.16           0.16 f         0.00  (VIOLATED: increase significant digits)
   y4_node0_p4_reg[8]/D         0.16           0.16 f         0.00  (VIOLATED: increase significant digits)
   y4_node0_p4_reg[9]/D         0.16           0.16 f         0.00  (VIOLATED: increase significant digits)
   y4_node0_p4_reg[10]/D        0.16           0.16 f         0.00  (VIOLATED: increase significant digits)
   y4_node0_p4_reg[11]/D        0.16           0.16 f         0.00  (VIOLATED: increase significant digits)
   y5_node0_p4_reg[1]/D         0.16           0.16 f         0.00  (VIOLATED: increase significant digits)
   y5_node0_p4_reg[2]/D         0.16           0.16 f         0.00  (VIOLATED: increase significant digits)
   y5_node0_p4_reg[3]/D         0.16           0.16 f         0.00  (VIOLATED: increase significant digits)
   y5_node0_p4_reg[4]/D         0.16           0.16 f         0.00  (VIOLATED: increase significant digits)
   y5_node0_p4_reg[5]/D         0.16           0.16 f         0.00  (VIOLATED: increase significant digits)
   y5_node0_p4_reg[6]/D         0.16           0.16 f         0.00  (VIOLATED: increase significant digits)
   y5_node0_p4_reg[7]/D         0.16           0.16 f         0.00  (VIOLATED: increase significant digits)
   y5_node0_p4_reg[8]/D         0.16           0.16 f         0.00  (VIOLATED: increase significant digits)
   y5_node0_p4_reg[9]/D         0.16           0.16 f         0.00  (VIOLATED: increase significant digits)
   y5_node0_p4_reg[10]/D        0.16           0.16 f         0.00  (VIOLATED: increase significant digits)
   y5_node0_p4_reg[11]/D        0.16           0.16 f         0.00  (VIOLATED: increase significant digits)
   y6_node0_p4_reg[1]/D         0.16           0.16 f         0.00  (VIOLATED: increase significant digits)
   y6_node0_p4_reg[2]/D         0.16           0.16 f         0.00  (VIOLATED: increase significant digits)
   y6_node0_p4_reg[3]/D         0.16           0.16 f         0.00  (VIOLATED: increase significant digits)
   y6_node0_p4_reg[4]/D         0.16           0.16 f         0.00  (VIOLATED: increase significant digits)
   y6_node0_p4_reg[5]/D         0.16           0.16 f         0.00  (VIOLATED: increase significant digits)
   y6_node0_p4_reg[6]/D         0.16           0.16 f         0.00  (VIOLATED: increase significant digits)
   y6_node0_p4_reg[7]/D         0.16           0.16 f         0.00  (VIOLATED: increase significant digits)
   y6_node0_p4_reg[8]/D         0.16           0.16 f         0.00  (VIOLATED: increase significant digits)
   y6_node0_p4_reg[9]/D         0.16           0.16 f         0.00  (VIOLATED: increase significant digits)
   y6_node0_p4_reg[10]/D        0.16           0.16 f         0.00  (VIOLATED: increase significant digits)
   y6_node0_p4_reg[11]/D        0.16           0.16 f         0.00  (VIOLATED: increase significant digits)
   y7_node0_p4_reg[1]/D         0.16           0.16 f         0.00  (VIOLATED: increase significant digits)
   y7_node0_p4_reg[3]/D         0.16           0.16 f         0.00  (VIOLATED: increase significant digits)
   y7_node0_p4_reg[4]/D         0.16           0.16 f         0.00  (VIOLATED: increase significant digits)
   y7_node0_p4_reg[5]/D         0.16           0.16 f         0.00  (VIOLATED: increase significant digits)
   y7_node0_p4_reg[6]/D         0.16           0.16 f         0.00  (VIOLATED: increase significant digits)
   y7_node0_p4_reg[7]/D         0.16           0.16 f         0.00  (VIOLATED: increase significant digits)
   y7_node0_p4_reg[8]/D         0.16           0.16 f         0.00  (VIOLATED: increase significant digits)
   y7_node0_p4_reg[9]/D         0.16           0.16 f         0.00  (VIOLATED: increase significant digits)
   y7_node0_p4_reg[10]/D        0.16           0.16 f         0.00  (VIOLATED: increase significant digits)
   y7_node0_p4_reg[11]/D        0.16           0.16 f         0.00  (VIOLATED: increase significant digits)


1
