 
****************************************
Report : qor
Design : top
Version: S-2021.06
Date   : Sun May  1 15:45:22 2022
****************************************


  Timing Path Group 'clk'
  -----------------------------------
  Levels of Logic:              30.00
  Critical Path Length:          1.42
  Critical Path Slack:           0.04
  Critical Path Clk Period:      1.88
  Total Negative Slack:          0.00
  No. of Violating Paths:        0.00
  Worst Hold Violation:          0.00
  Total Hold Violation:          0.00
  No. of Hold Violations:        0.00
  -----------------------------------


  Cell Count
  -----------------------------------
  Hierarchical Cell Count:          0
  Hierarchical Port Count:          0
  Leaf Cell Count:               9417
  Buf/Inv Cell Count:            1257
  Buf Cell Count:                 654
  Inv Cell Count:                 603
  CT Buf/Inv Cell Count:            1
  Combinational Cell Count:      8338
  Sequential Cell Count:         1079
  Macro Count:                      0
  -----------------------------------


  Area
  -----------------------------------
  Combinational Area:    17225.812574
  Noncombinational Area:  3780.781251
  Buf/Inv Area:           1199.696434
  Total Buffer Area:           852.89
  Total Inverter Area:         346.80
  Macro/Black Box Area:      0.000000
  Net Area:                  0.000000
  -----------------------------------
  Cell Area:             21006.593826
  Design Area:           21006.593826


  Design Rules
  -----------------------------------
  Total Number of Nets:         12168
  Nets With Violations:             0
  Max Trans Violations:             0
  Max Cap Violations:               0
  -----------------------------------


  Hostname: tux-144

  Compile CPU Statistics
  -----------------------------------------
  Resource Sharing:                    0.01
  Logic Optimization:                  3.04
  Mapping Optimization:               10.03
  -----------------------------------------
  Overall Compile Time:               15.80
  Overall Compile Wall Clock Time:    16.20

  --------------------------------------------------------------------

  Design  WNS: 0.00  TNS: 0.00  Number of Violating Paths: 0


  Design (Hold)  WNS: 0.00  TNS: 0.00  Number of Violating Paths: 0

  --------------------------------------------------------------------


1
