 
****************************************
Report : area
Design : top
Version: S-2021.06
Date   : Fri Apr 29 17:28:02 2022
****************************************

Information: Updating design information... (UID-85)
Library(s) Used:

    tcbn45gsbwptc (File: /cae/apps/data/tsmclibs-2013/digital/Front_End/timing_power_noise/NLDM/tcbn45gsbwp_120a/tcbn45gsbwptc.db)

Number of ports:                          379
Number of nets:                         12405
Number of cells:                         9653
Number of combinational cells:           8576
Number of sequential cells:              1077
Number of macros/black boxes:               0
Number of buf/inv:                       1438
Number of references:                      47

Combinational area:              17384.925382
Buf/Inv area:                     1338.876038
Noncombinational area:            4509.666119
Macro/Black Box area:                0.000000
Net Interconnect area:      undefined  (Wire load has zero net area)

Total cell area:                 21894.591501
Total area:                 undefined

Hierarchical area distribution
------------------------------

                                  Global cell area            Local cell area
                                  -------------------  ----------------------------- 
Hierarchical cell                 Absolute    Percent  Combi-      Noncombi-  Black-
                                  Total       Total    national    national   boxes   Design
--------------------------------  ----------  -------  ----------  ---------  ------  ---------
top                               21894.5915    100.0  17384.9254  4509.6661  0.0000  top
--------------------------------  ----------  -------  ----------  ---------  ------  ---------
Total                                                  17384.9254  4509.6661  0.0000

1
